/opt/st/stm32cubeide_1.14.0/plugins/com.st.stm32cube.ide.mcu.externaltools.gnu-tools-for-stm32.11.3.rel1.linux64_1.1.100.202309141235/tools/arm-none-eabi/include/c++/11.3.1/bits/stl_vector.h:625:7:std::vector<_Tp, _Alloc>::vector(std::initializer_list<_Tp>, const allocator_type&) [with _Tp = SPI_camera::Register_blob_8; _Alloc = std::allocator<SPI_camera::Register_blob_8>]	32	static
/opt/st/stm32cubeide_1.14.0/plugins/com.st.stm32cube.ide.mcu.externaltools.gnu-tools-for-stm32.11.3.rel1.linux64_1.1.100.202309141235/tools/arm-none-eabi/include/c++/11.3.1/bits/stl_vector.h:333:7:std::_Vector_base<_Tp, _Alloc>::~_Vector_base() [with _Tp = SPI_camera::Register_blob_8; _Alloc = std::allocator<SPI_camera::Register_blob_8>]	8	static
/home/ampellicht/Dokumente/Nucleo STM Board Datein/Arbeitsraum/Hand Control/Camera_driver/../Camera_driver/inc/OV2640_regs.hpp:1096:2:void __static_initialization_and_destruction_0(int, int)	528	static
/home/ampellicht/Dokumente/Nucleo STM Board Datein/Arbeitsraum/Hand Control/Camera_driver/../Camera_driver/inc/OV2640_regs.hpp:1096:2:hpp)	8	static
/home/ampellicht/Dokumente/Nucleo STM Board Datein/Arbeitsraum/Hand Control/Camera_driver/../Camera_driver/inc/OV2640_regs.hpp:1096:2:hpp)	8	static
