/home/ampellicht/Dokumente/Nucleo STM Board Datein/Arbeitsraum/Hand Control/Camera_driver/../Camera_driver/inc/SPI_camera.hpp:200:10:void SPI_camera::ArduChip_CS_enable()	8	static
/home/ampellicht/Dokumente/Nucleo STM Board Datein/Arbeitsraum/Hand Control/Camera_driver/../Camera_driver/inc/SPI_camera.hpp:205:10:void SPI_camera::ArduChip_CS_disable()	8	static
../Camera_driver/src/SPI_camera.cpp:3:1:SPI_camera::SPI_camera(I2C_HandleTypeDef, uint8_t, SPI_HandleTypeDef, SPI_camera::Chip_select_pin)	16	static
../Camera_driver/src/SPI_camera.cpp:45:5:int SPI_camera::Sensor_write_register(SPI_camera::Register_blob_8)	32	static
../Camera_driver/src/SPI_camera.cpp:37:5:int SPI_camera::Sensor_write_register(uint8_t, uint8_t)	16	static
../Camera_driver/src/SPI_camera.cpp:58:5:int SPI_camera::Sensor_write_register(SPI_camera::Register_blob_16)	32	static
../Camera_driver/src/SPI_camera.cpp:41:5:int SPI_camera::Sensor_write_register(uint16_t, uint8_t)	16	static
../Camera_driver/src/SPI_camera.cpp:72:6:void SPI_camera::Sensor_write_register_bulk(std::vector<SPI_camera::Register_blob_8>)	16	static
../Camera_driver/src/SPI_camera.cpp:83:6:void SPI_camera::Sensor_write_register_bulk(std::vector<SPI_camera::Register_blob_16>)	16	static
../Camera_driver/src/SPI_camera.cpp:94:5:int SPI_camera::ArduChip_write(uint8_t, uint8_t)	40	static
../Camera_driver/src/SPI_camera.cpp:115:5:int SPI_camera::ArduChip_read(uint8_t)	40	static
../Camera_driver/src/SPI_camera.cpp:128:5:int SPI_camera::ArduChip_FIFO_length()	16	static
../Camera_driver/src/SPI_camera.cpp:137:6:void SPI_camera::ArduChip_start_burst_read()	24	static
../Camera_driver/src/SPI_camera.cpp:143:6:void SPI_camera::ArduChip_start_DMA_transfer(uint)	16	static
/opt/st/stm32cubeide_1.14.0/plugins/com.st.stm32cube.ide.mcu.externaltools.gnu-tools-for-stm32.11.3.rel1.linux64_1.1.100.202309141235/tools/arm-none-eabi/include/c++/11.3.1/bits/stl_uninitialized.h:595:9:static _ForwardIterator std::__uninitialized_default_n_1<true>::__uninit_default_n(_ForwardIterator, _Size) [with _ForwardIterator = unsigned char*; _Size = unsigned int]	8	static
/opt/st/stm32cubeide_1.14.0/plugins/com.st.stm32cube.ide.mcu.externaltools.gnu-tools-for-stm32.11.3.rel1.linux64_1.1.100.202309141235/tools/arm-none-eabi/include/c++/11.3.1/bits/vector.tcc:611:5:void std::vector<_Tp, _Alloc>::_M_default_append(std::vector<_Tp, _Alloc>::size_type) [with _Tp = unsigned char; _Alloc = std::allocator<unsigned char>]	32	static
../Camera_driver/src/SPI_camera.cpp:6:6:virtual void SPI_camera::Capture(uint)	16	static
