/opt/st/stm32cubeide_1.14.0/plugins/com.st.stm32cube.ide.mcu.externaltools.gnu-tools-for-stm32.11.3.rel1.linux64_1.1.100.202309141235/tools/arm-none-eabi/include/c++/11.3.1/bits/stl_vector.h:625:7:std::vector<_Tp, _Alloc>::vector(std::initializer_list<_Tp>, const allocator_type&) [with _Tp = SPI_camera::Register_blob_8; _Alloc = std::allocator<SPI_camera::Register_blob_8>]	32	static
../Core/Src/main.cpp:179:6:void SystemClock_Config()	80	static,ignoring_inline_asm
../Core/Src/main.cpp:108:5:int main()	136	static,ignoring_inline_asm
../Core/Src/main.cpp:554:6:void send_status(int)	8	static
../Core/Src/main.cpp:559:6:void PWM_Control_HYXS9(int)	0	static
../Core/Src/main.cpp:564:6:void CS_HIGH()	8	static
../Core/Src/main.cpp:570:6:void CS_LOW()	8	static
../Core/Src/main.cpp:576:6:void delay_us(uint16_t)	0	static
../Core/Src/main.cpp:582:6:void Init_SPI_clock()	32	static
../Core/Src/main.cpp:597:6:void Error_Handler()	0	static,ignoring_inline_asm
/opt/st/stm32cubeide_1.14.0/plugins/com.st.stm32cube.ide.mcu.externaltools.gnu-tools-for-stm32.11.3.rel1.linux64_1.1.100.202309141235/tools/arm-none-eabi/include/c++/11.3.1/bits/stl_vector.h:333:7:std::_Vector_base<_Tp, _Alloc>::~_Vector_base() [with _Tp = SPI_camera::Register_blob_8; _Alloc = std::allocator<SPI_camera::Register_blob_8>]	8	static
../Core/Src/main.cpp:606:1:void __static_initialization_and_destruction_0(int, int)	528	static
../Core/Src/main.cpp:606:1:cpp)	8	static
../Core/Src/main.cpp:606:1:cpp)	8	static
../Core/Src/main.cpp:95:6:void Image_capture(OV2640*, Imager*)	48	static
